09:13:54 **** Incremental Build of configuration Debug for project TrafficLight ****
make -j12 all 
arm-none-eabi-gcc "../Core/Src/main.c" -mcpu=cortex-m3 -std=gnu11 -g3 -DDEBUG -DUSE_HAL_DRIVER -DSTM32F103x6 -c -I../Core/Inc -I../Drivers/STM32F1xx_HAL_Driver/Inc -I../Drivers/STM32F1xx_HAL_Driver/Inc/Legacy -I../Drivers/CMSIS/Device/ST/STM32F1xx/Include -I../Drivers/CMSIS/Include -O0 -ffunction-sections -fdata-sections -Wall -fstack-usage -MMD -MP -MF"Core/Src/main.d" -MT"Core/Src/main.o" --specs=nano.specs -mfloat-abi=soft -mthumb -o "Core/Src/main.o"
../Core/Src/main.c: In function 'main':
../Core/Src/main.c:207:7: warning: unused variable 'dem' [-Wunused-variable]
  207 |   int dem =0 ;
      |       ^~~
../Core/Src/main.c:206:7: warning: unused variable 'counter2_green' [-Wunused-variable]
  206 |   int counter2_green=3;
      |       ^~~~~~~~~~~~~~
../Core/Src/main.c:205:7: warning: unused variable 'counter2_red' [-Wunused-variable]
  205 |   int counter2_red = 5;
      |       ^~~~~~~~~~~~
../Core/Src/main.c:204:7: warning: unused variable 'counter_yellow' [-Wunused-variable]
  204 |   int counter_yellow=2;
      |       ^~~~~~~~~~~~~~
../Core/Src/main.c:203:7: warning: unused variable 'counter_green' [-Wunused-variable]
  203 |   int counter_green=3;
      |       ^~~~~~~~~~~~~
../Core/Src/main.c:202:7: warning: unused variable 'counter_red' [-Wunused-variable]
  202 |   int counter_red = 5 ;
      |       ^~~~~~~~~~~
arm-none-eabi-gcc -o "TrafficLight.elf" @"objects.list"   -mcpu=cortex-m3 -T"C:\Users\Chien\STM32CubeIDE\workspace_1.7.0\TrafficLight\STM32F103C6UX_FLASH.ld" --specs=nosys.specs -Wl,-Map="TrafficLight.map" -Wl,--gc-sections -static --specs=nano.specs -mfloat-abi=soft -mthumb -Wl,--start-group -lc -lm -Wl,--end-group
Finished building target: TrafficLight.elf
 
arm-none-eabi-size   TrafficLight.elf 
arm-none-eabi-objdump -h -S  TrafficLight.elf  > "TrafficLight.list"
arm-none-eabi-objcopy  -O ihex  TrafficLight.elf  "TrafficLight.hex"
arm-none-eabi-objcopy  -O binary  TrafficLight.elf  "TrafficLight.bin"
   text	   data	    bss	    dec	    hex	filename
   4548	     20	   1572	   6140	   17fc	TrafficLight.elf
Finished building: default.size.stdout
 
Finished building: TrafficLight.hex
Finished building: TrafficLight.bin
 
 
Finished building: TrafficLight.list
 

09:13:55 Build Finished. 0 errors, 6 warnings. (took 985ms)

